GalleryView
  Container
    Column
      Text
      Container
        GalleryRow
          Row
            Container
              Image (src='ada.png')
            Container
              Image (src='turing.png')
            Container
              Image (src='None')
            Container
              Image (src='None')
      Container
        FloatingNavButton
          FloatingActionButton (key='gallery_next')
      Container
        Row
          Image (src='images/logos/logo-detic-4x.png')
          Image (src='images/logos/Logo_Unicamp__0.png')
      Container
        Row
          Container
          Container
          Container