GalleryView
  Container
    Column
      Text
      Container
        GalleryRow
          Row
            Container
              Stack
                ThemedMaskedImage
                  Image (src='ada.png')
                  Image (src='images/masks/super-caption-mask.png')
                SuperCaption
                  Column
                    Text
            Container
              Stack
                ThemedMaskedImage
                  Image (src='turing.png')
                  Image (src='images/masks/super-caption-mask.png')
                SuperCaption
                  Column
                    Text
            Container
              Stack
                ThemedMaskedImage
                  Image
                  Image (src='images/masks/super-caption-mask.png')
                SuperCaption
                  Column
                    Text
            Container
              Stack
                ThemedMaskedImage
                  Image
                  Image (src='images/masks/super-caption-mask.png')
      Container
        FloatingNavButton
          FloatingActionButton (key='gallery_next')
      Container
        Row
          ThemedLogo (src='images/logos/logo-detic-4x.png')
          ThemedLogo (src='images/logos/Logo_Unicamp__0.png')
      Container
        Row
          Container
          Container
          Container
