GalleryView
  Container
    Column
      Text
      Stack
        Container
          GalleryRow
            Container
              Image (src='ada.png')
            Container
              Image (src='turing.png')
            Container
              Image (src='None')
            Container
              Image (src='None')
      Container
        Container
          IconButton
      Container
        Row
          Image (src='images/logos/logo-detic-4x.png')
          Image (src='images/logos/Logo_Unicamp__0.png')
      Container
        Row
          Container
          Container
          Container