SuperDetail
  Container
    Column
      SuperHeader
        Row
          Image (src='tests/assets/test_image.png')
          Column
            Text
            Divider
            ListView
              Text
            Container
      NavigationControls
        IconButton
        IconButton
      Container
        Stack
          ResponsiveTimeline
            Image (src='images/placeholder.png')
          Container
            FloatingActionButton (key='detail_back')