SuperDetail
  Stack
    Container
      Container
        Column
          SuperHeader
            Row
              Stack
                ThemedMaskedImage
                  Image (src='tests/assets/test_image.png')
                  Image (src='images/masks/super-caption-mask.png')
                SuperCaption
                  Column
                    Text
              Column
                Text
                Divider
                ListView
                  Text
                Container
          NavigationControls
            IconButton
            IconButton
          Container
            Stack
              TimelineContainer
                Canvas
              FloatingNavButton
                FloatingActionButton (key='detail_back')
